   Compiling compiler v0.1.0 (/home/mepasta/Desktop/dev/glx/compiler)
warning: field `input` is never read
  --> compiler/src/ast/html/scanner.rs:34:16
   |
33 | pub struct Scanner<'a> {
   |            ------- field in this struct
34 |     pub(crate) input: &'a str,
   |                ^^^^^
   |
   = note: `#[warn(dead_code)]` (part of `#[warn(unused)]`) on by default

   Compiling formatter v0.1.0 (/home/mepasta/Desktop/dev/glx/formatter)
warning: `compiler` (lib) generated 1 warning
    Finished `test` profile [unoptimized + debuginfo] target(s) in 0.53s
     Running unittests src/lib.rs (target/debug/deps/formatter-f46ed5f0c9a9568d)

running 5 tests
test tests::test_format_basic ... ok
test tests::test_format_syntax_preservation ... ok
test tests::test_format_complex_expression ... ok
test tests::test_format_fragments ... ok
test tests::test_format_events ... ok

test result: ok. 5 passed; 0 failed; 0 ignored; 0 measured; 0 filtered out; finished in 0.00s

   Doc-tests formatter

running 0 tests

test result: ok. 0 passed; 0 failed; 0 ignored; 0 measured; 0 filtered out; finished in 0.00s

